// Jest Snapshot v1, https://goo.gl/fbAQLP

exports[`button render renders correctly 1`] = `
<View
  accessibilityState={
    {
      "busy": undefined,
      "checked": undefined,
      "disabled": false,
      "expanded": undefined,
      "selected": undefined,
    }
  }
  accessibilityValue={
    {
      "max": undefined,
      "min": undefined,
      "now": undefined,
      "text": undefined,
    }
  }
  accessible={true}
  collapsable={false}
  focusable={true}
  onClick={[Function]}
  onResponderGrant={[Function]}
  onResponderMove={[Function]}
  onResponderRelease={[Function]}
  onResponderTerminate={[Function]}
  onResponderTerminationRequest={[Function]}
  onStartShouldSetResponder={[Function]}
  style={
    {
      "backgroundColor": "#206795",
      "borderColor": "#95ACAE",
      "borderRadius": 15,
      "borderWidth": 0,
      "height": 24,
      "opacity": 1,
      "width": 24,
    }
  }
  testID="circularCompletedButton"
/>
`;
